// Jest Snapshot v1, https://goo.gl/fbAQLP

exports[`should return the expected response 1`] = `
Object {
  "items": Array [
    Object {
      "attributes": Object {
        "amount": Object {
          "valueInBaseUnits": 1500,
        },
        "rawText": "Internet bill",
      },
    },
  ],
  "links": Object {
    "next": "https://localhost/?page%5Bafter%5D=CURSOR&includeNegative=false",
  },
}
`;
